2026-01-01 23:36:02,743 - __main__ - INFO - ======================================================================
2026-01-01 23:36:02,743 - __main__ - INFO - SMART AUTO-UPDATE - NSE + BSE with Real Progressives (ENHANCED)
2026-01-01 23:36:02,743 - __main__ - INFO - ======================================================================
2026-01-01 23:36:02,743 - __main__ - INFO - ======================================================================
2026-01-01 23:36:02,746 - __main__ - INFO - ======================================================================
2026-01-01 23:36:02,747 - __main__ - WARNING - 
======================================================================
2026-01-01 23:36:02,750 - __main__ - WARNING - ======================================================================
2026-01-01 23:36:02,750 - __main__ - WARNING - Found 6 missing trading dates:
2026-01-01 23:36:02,754 - __main__ - WARNING - ======================================================================

2026-01-01 23:36:10,563 - __main__ - INFO - ======================================================================
2026-01-01 23:36:10,564 - __main__ - INFO - ======================================================================

2026-01-01 23:42:34,488 - test - INFO - [OK] Test message - no encoding errors
2026-01-01 23:42:34,488 - test - INFO - [*] Checking...
2026-01-01 23:42:34,488 - test - INFO - [~] Processing...
2026-01-01 23:43:21,370 - __main__ - INFO - ======================================================================
2026-01-01 23:43:21,370 - __main__ - INFO - SMART AUTO-UPDATE - NSE + BSE with Real Progressives (ENHANCED)
2026-01-01 23:43:21,370 - __main__ - INFO - ======================================================================
2026-01-01 23:43:21,371 - __main__ - INFO - ======================================================================
2026-01-01 23:43:21,371 - __main__ - INFO - [*] CHECKING FOR MISSING DATES...
2026-01-01 23:43:21,371 - __main__ - INFO - ======================================================================
2026-01-01 23:43:21,372 - __main__ - WARNING - 
======================================================================
2026-01-01 23:43:21,372 - __main__ - WARNING - [!] MISSING DATA DETECTED
2026-01-01 23:43:21,372 - __main__ - WARNING - ======================================================================
2026-01-01 23:43:21,372 - __main__ - WARNING - Found 6 missing trading dates:
2026-01-01 23:43:21,372 - __main__ - WARNING -    - 2025-12-22 (Monday)
2026-01-01 23:43:21,372 - __main__ - WARNING -    - 2025-12-23 (Tuesday)
2026-01-01 23:43:21,373 - __main__ - WARNING -    - 2025-12-24 (Wednesday)
2026-01-01 23:43:21,373 - __main__ - WARNING -    - 2025-12-29 (Monday)
2026-01-01 23:43:21,373 - __main__ - WARNING -    - 2025-12-30 (Tuesday)
2026-01-01 23:43:21,373 - __main__ - WARNING -    - 2025-12-31 (Wednesday)
2026-01-01 23:43:21,373 - __main__ - WARNING - ======================================================================

2026-01-01 23:43:21,373 - __main__ - INFO - [>] Starting backfill download...

2026-01-01 23:43:21,373 - __main__ - INFO - [~] Downloading: 2025-12-22
2026-01-01 23:43:23,007 - __main__ - INFO -    [OK] NSE + BSE + Delivery downloaded
2026-01-01 23:43:23,007 - __main__ - INFO - [~] Downloading: 2025-12-23
2026-01-01 23:43:24,025 - __main__ - INFO -    [OK] NSE + BSE + Delivery downloaded
2026-01-01 23:43:24,026 - __main__ - INFO - [~] Downloading: 2025-12-24
2026-01-01 23:43:24,872 - __main__ - INFO -    [OK] NSE + BSE + Delivery downloaded
2026-01-01 23:43:24,872 - __main__ - INFO - [~] Downloading: 2025-12-29
2026-01-01 23:43:25,887 - __main__ - INFO -    [OK] NSE + BSE + Delivery downloaded
2026-01-01 23:43:25,887 - __main__ - INFO - [~] Downloading: 2025-12-30
2026-01-01 23:43:26,700 - __main__ - INFO -    [OK] NSE + BSE + Delivery downloaded
2026-01-01 23:43:26,700 - __main__ - INFO - [~] Downloading: 2025-12-31
2026-01-01 23:43:48,800 - __main__ - INFO -    [OK] NSE + BSE + Delivery downloaded
2026-01-01 23:43:48,800 - __main__ - INFO - ======================================================================
2026-01-01 23:43:48,800 - __main__ - INFO - [OK] BACKFILL COMPLETE
2026-01-01 23:43:48,800 - __main__ - INFO - ======================================================================

2026-01-01 23:57:53,813 - __main__ - INFO - ======================================================================
2026-01-01 23:57:53,813 - __main__ - INFO - SMART AUTO-UPDATE - NSE + BSE with Real Progressives (ENHANCED)
2026-01-01 23:57:53,813 - __main__ - INFO - ======================================================================
2026-01-01 23:57:53,813 - __main__ - INFO - ======================================================================
2026-01-01 23:57:53,813 - __main__ - INFO - [*] CHECKING FOR MISSING DATES...
2026-01-01 23:57:53,815 - __main__ - INFO - ======================================================================
2026-01-01 23:57:53,817 - __main__ - WARNING - 
======================================================================
2026-01-01 23:57:53,817 - __main__ - WARNING - [!] MISSING DATA DETECTED
2026-01-01 23:57:53,817 - __main__ - WARNING - ======================================================================
2026-01-01 23:57:53,817 - __main__ - WARNING - Found 6 missing trading dates:
2026-01-01 23:57:53,817 - __main__ - WARNING -    - 2025-12-22 (Monday)
2026-01-01 23:57:53,817 - __main__ - WARNING -    - 2025-12-23 (Tuesday)
2026-01-01 23:57:53,818 - __main__ - WARNING -    - 2025-12-24 (Wednesday)
2026-01-01 23:57:53,818 - __main__ - WARNING -    - 2025-12-29 (Monday)
2026-01-01 23:57:53,818 - __main__ - WARNING -    - 2025-12-30 (Tuesday)
2026-01-01 23:57:53,818 - __main__ - WARNING -    - 2025-12-31 (Wednesday)
2026-01-01 23:57:53,818 - __main__ - WARNING - ======================================================================

2026-01-01 23:57:53,818 - __main__ - INFO - [>] Starting backfill download...

2026-01-01 23:57:53,818 - __main__ - INFO - [~] Downloading: 2025-12-22
2026-01-01 23:57:55,247 - __main__ - INFO -    [OK] NSE + BSE + Delivery downloaded
2026-01-01 23:57:55,247 - __main__ - INFO - [~] Downloading: 2025-12-23
2026-01-01 23:57:56,638 - __main__ - INFO -    [OK] NSE + BSE + Delivery downloaded
2026-01-01 23:57:56,638 - __main__ - INFO - [~] Downloading: 2025-12-24
2026-01-01 23:57:57,965 - __main__ - INFO -    [OK] NSE + BSE + Delivery downloaded
2026-01-01 23:57:57,965 - __main__ - INFO - [~] Downloading: 2025-12-29
2026-01-01 23:57:59,377 - __main__ - INFO -    [OK] NSE + BSE + Delivery downloaded
2026-01-01 23:57:59,378 - __main__ - INFO - [~] Downloading: 2025-12-30
2026-01-01 23:58:00,607 - __main__ - INFO -    [OK] NSE + BSE + Delivery downloaded
2026-01-01 23:58:00,608 - __main__ - INFO - [~] Downloading: 2025-12-31
2026-01-01 23:58:01,851 - __main__ - INFO -    [OK] NSE + BSE + Delivery downloaded
2026-01-01 23:58:01,852 - __main__ - INFO - ======================================================================
2026-01-01 23:58:01,852 - __main__ - INFO - [OK] BACKFILL COMPLETE
2026-01-01 23:58:01,852 - __main__ - INFO - ======================================================================

